﻿
> faculty-os@0.0.0 build
> tsc -b && vite build

[36mvite v8.0.3 [32mbuilding client environment for production...[36m[39m
[2K
transforming...Ô£ô 2709 modules transformed.
node.exe : [31mÔ£ù[39m 
Build failed in 1.29s
En línea: 1 Carácter: 1
+ & "C:\Program 
Files\nodejs/node.exe" 
"C:\Program 
Files\nodejs/node_mo ...
+ ~~~~~~~~~~~~~~~~~~~~~~~~~
~~~~~~~~~~~~~~~~~~~~~~~~~~~
~~~~~~~~~~~~~~~~~
    + CategoryInfo         
     : NotSpecified: ([3  
  1mÔ£ù[39m Build faile   
 d in 1.29s:String) [],    
 RemoteException
    + FullyQualifiedErrorI 
   d : NativeCommandError
 
[31merror during build:
[31mBuild failed with 1 
error:

[plugin vite:css] C:/Users/
mateb/Desktop/UNIFLO/facult
y-os/src/index.css:104:4
CssSyntaxError: [postcss] C
:/Users/mateb/Desktop/UNIFL
O/faculty-os/src/index.css:
104:5: The 
`hover:bg-red/10` class 
does not exist. If 
`hover:bg-red/10` is a 
custom class, make sure it 
is defined within a 
`@layer` directive.
    at Input.error (C:\User
s\mateb\Desktop\UNIFLO\facu
lty-os\node_modules\postcss
\lib\input.js:135:16)
    at AtRule.error (C:\Use
rs\mateb\Desktop\UNIFLO\fac
ulty-os\node_modules\postcs
s\lib\node.js:146:32)
    at processApply (C:\Use
rs\mateb\Desktop\UNIFLO\fac
ulty-os\node_modules\tailwi
ndcss\lib\lib\expandApplyAt
Rules.js:380:29)
    at C:\Users\mateb\Deskt
op\UNIFLO\faculty-os\node_m
odules\tailwindcss\lib\lib\
expandApplyAtRules.js:551:9
    at C:\Users\mateb\Deskt
op\UNIFLO\faculty-os\node_m
odules\tailwindcss\lib\proc
essTailwindFeatures.js:55:5
0
    at async plugins (C:\Us
ers\mateb\Desktop\UNIFLO\fa
culty-os\node_modules\tailw
indcss\lib\plugin.js:38:17)
    at async 
LazyResult.runAsync (C:\Use
rs\mateb\Desktop\UNIFLO\fac
ulty-os\node_modules\postcs
s\lib\lazy-result.js:293:11
)
    at async runPostCSS (fi
le:///C:/Users/mateb/Deskto
p/UNIFLO/faculty-os/node_mo
dules/vite/dist/node/chunks
/node.js:20945:19)
    at async 
compilePostCSS (file:///C:/
Users/mateb/Desktop/UNIFLO/
faculty-os/node_modules/vit
e/dist/node/chunks/node.js:
20929:6)
    at async compileCSS (fi
le:///C:/Users/mateb/Deskto
p/UNIFLO/faculty-os/node_mo
dules/vite/dist/node/chunks
/node.js:20859:26)[31m
    at aggregateBindingErro
rsIntoJsError (file:///C:/U
sers/mateb/Desktop/UNIFLO/f
aculty-os/node_modules/roll
down/dist/shared/error-BLhc
Syeg.mjs:48:18)
    at unwrapBindingResult 
(file:///C:/Users/mateb/Des
ktop/UNIFLO/faculty-os/node
_modules/rolldown/dist/shar
ed/error-BLhcSyeg.mjs:18:12
8)
    at #build (file:///C:/U
sers/mateb/Desktop/UNIFLO/f
aculty-os/node_modules/roll
down/dist/shared/rolldown-b
uild-CPrIX9V6.mjs:3313:34)
    at async 
buildEnvironment (file:///C
:/Users/mateb/Desktop/UNIFL
O/faculty-os/node_modules/v
ite/dist/node/chunks/node.j
s:32849:64)
    at async Object.build (
file:///C:/Users/mateb/Desk
top/UNIFLO/faculty-os/node_
modules/vite/dist/node/chun
ks/node.js:33271:19)
    at async 
Object.buildApp (file:///C:
/Users/mateb/Desktop/UNIFLO
/faculty-os/node_modules/vi
te/dist/node/chunks/node.js
:33268:153)
    at async 
CAC.<anonymous> (file:///C:
/Users/mateb/Desktop/UNIFLO
/faculty-os/node_modules/vi
te/dist/node/cli.js:778:3) 
{
  errors: [Getter/Setter]
}[39m
